[assembly: System.Reflection.AssemblyMetadata("RepositoryUrl", "https://github.com/mauroservienti/NServiceBus.AttributeConventions")]
namespace NServiceBus
{
    public static class EndpointConfigurationAttributeConventionsExtensions
    {
        public static void UseAttributeConventions(this NServiceBus.EndpointConfiguration endpointConfiguration) { }
    }
}